

[====================================================================]
|  Q ASSISTANT SCOPE ENFORCEMENT - INTEGRATION TEST SUITE          |
[====================================================================]

======================================================================
TEST 1: Q Assistant Role Configuration
======================================================================
python : Traceback (most recent call last):
At line:1 char:1
+ python test_q_assistant_integration.py 2>&1 > test_output.txt; 
Get-Co ...
+ ~~~~~~~~~~~~~~~~~~~~~~~~~~~~~~~~~~~~~~~~~~~~~~~~~~~~~~~~~~~~~
    + CategoryInfo          : NotSpecified: (Traceback (most recent 
    call last)::String) [], RemoteException
    + FullyQualifiedErrorId : NativeCommandError
 
  File "C:\Quellum-topdog-ide\test_q_assistant_integration.py", 
line 363, in main
    test_func()
  File "C:\Quellum-topdog-ide\test_q_assistant_integration.py", 
line 34, in test_q_assistant_role
    print(f"\u2713 Q Assistant title: {q_role.title}")
  File "C:\Program Files\WindowsApps\PythonSoftwareFoundation.Python
.3.11_3.11.2544.0_x64__qbz5n2kfra8p0\Lib\encodings\cp1252.py", line 
19, in encode
    return 
codecs.charmap_encode(input,self.errors,encoding_table)[0]
           ^^^^^^^^^^^^^^^^^^^^^^^^^^^^^^^^^^^^^^^^^^^^^^^^^^^^^^^
UnicodeEncodeError: 'charmap' codec can't encode character '\u2713' 
in position 0: character maps to <undefined>

During handling of the above exception, another exception occurred:

Traceback (most recent call last):
  File "C:\Quellum-topdog-ide\test_q_assistant_integration.py", 
line 403, in <module>
    sys.exit(main())
             ^^^^^^
  File "C:\Quellum-topdog-ide\test_q_assistant_integration.py", 
line 367, in main
    print(f"\n\u274c {test_name}: FAIL")
  File "C:\Program Files\WindowsApps\PythonSoftwareFoundation.Python
.3.11_3.11.2544.0_x64__qbz5n2kfra8p0\Lib\encodings\cp1252.py", line 
19, in encode
    return 
codecs.charmap_encode(input,self.errors,encoding_table)[0]
           ^^^^^^^^^^^^^^^^^^^^^^^^^^^^^^^^^^^^^^^^^^^^^^^^^^^^^^^
UnicodeEncodeError: 'charmap' codec can't encode character '\u274c' 
in position 2: character maps to <undefined>
